
ls -al
#!/bin/bash
pwd
#!/usr/bin/pwsh
cat /tmp/file
#!/usr/bin/env python3
cd /
#!/bin/false
echo "hello"
